[22:25:41] rust-toml-cli x ternary-bonsai — start
[sampling] ternary-bonsai: coder={'temperature': 0.2, 'top_p': 0.95, 'top_k': 20, 'repeat_penalty': 1.1}  reasoner={'temperature': 0.6, 'top_p': 0.9, 'top_k': 40, 'repeat_penalty': 1.1}  classifier={'temperature': 0.0, 'repeat_penalty': 1.1}  compactor={'temperature': 0.0, 'repeat_penalty': 1.1}
[milestone] 15min  score=3.0/4.0  floor=1  ok
[milestone] 30min  score=4.0/4.0  floor=2  ok
[milestone] 45min  score=4.0/4.0  floor=3  ok
{
 "run_id": "rust-toml-cli_ternary-bonsai_codex_poff_1787030741",
 "terminal": "exited",
 "success": true,
 "score": 4.0,
 "wall_seconds": 3288.9,
 "calls": 86,
 "avg_tok_s": 41.0
}
refreshed /home/jesse/src/cria-shepherd/docs/audits/regression-report.md
[grid] refreshed docs/audits/regression-report.md
[battery] refreshed docs/audits/battery-report.md
[23:20:53] rust-toml-cli x ternary-bonsai — exit 0
[23:20:53] shipping-rates-rb x ternary-bonsai — start
[sampling] ternary-bonsai: coder={'temperature': 0.2, 'top_p': 0.95, 'top_k': 20, 'repeat_penalty': 1.1}  reasoner={'temperature': 0.6, 'top_p': 0.9, 'top_k': 40, 'repeat_penalty': 1.1}  classifier={'temperature': 0.0, 'repeat_penalty': 1.1}  compactor={'temperature': 0.0, 'repeat_penalty': 1.1}
